Copyright 1986-2019 Xilinx, Inc. All Rights Reserved.
---------------------------------------------------------------------------------------------
| Tool Version : Vivado v.2018.3.1 (win64) Build 2489853 Tue Mar 26 04:20:25 MDT 2019
| Date         : Mon Mar 23 20:06:02 2026
| Host         : DESKTOP-CDKE44D running 64-bit major release  (build 9200)
| Command      : report_control_sets -verbose -file design_1_wrapper_control_sets_placed.rpt
| Design       : design_1_wrapper
| Device       : xc7a100t
---------------------------------------------------------------------------------------------

Control Set Information

Table of Contents
-----------------
1. Summary
2. Histogram
3. Flip-Flop Distribution
4. Detailed Control Set Information

1. Summary
----------

+----------------------------------------------------------+-------+
|                          Status                          | Count |
+----------------------------------------------------------+-------+
| Number of unique control sets                            |    17 |
| Unused register locations in slices containing registers |    35 |
+----------------------------------------------------------+-------+


2. Histogram
------------

+--------+--------------+
| Fanout | Control Sets |
+--------+--------------+
|      4 |            1 |
|      5 |            1 |
|      6 |            1 |
|      8 |            1 |
|      9 |            1 |
|     12 |            1 |
|     13 |            1 |
|     14 |            2 |
|    16+ |            8 |
+--------+--------------+


3. Flip-Flop Distribution
-------------------------

+--------------+-----------------------+------------------------+-----------------+--------------+
| Clock Enable | Synchronous Set/Reset | Asynchronous Set/Reset | Total Registers | Total Slices |
+--------------+-----------------------+------------------------+-----------------+--------------+
| No           | No                    | No                     |              24 |            7 |
| No           | No                    | Yes                    |               0 |            0 |
| No           | Yes                   | No                     |              49 |           19 |
| Yes          | No                    | No                     |               0 |            0 |
| Yes          | No                    | Yes                    |              16 |            4 |
| Yes          | Yes                   | No                     |             212 |           65 |
+--------------+-----------------------+------------------------+-----------------+--------------+


4. Detailed Control Set Information
-----------------------------------

+-------------------------------------+----------------------------------------------------------------------------+-------------------------------------------------------------------+------------------+----------------+
|             Clock Signal            |                                Enable Signal                               |                          Set/Reset Signal                         | Slice Load Count | Bel Load Count |
+-------------------------------------+----------------------------------------------------------------------------+-------------------------------------------------------------------+------------------+----------------+
|  design_1_i/clk_wiz_0/inst/clk_out1 |                                                                            | design_1_i/proc_sys_reset_0/U0/EXT_LPF/lpf_int                    |                1 |              4 |
|  design_1_i/clk_wiz_0/inst/clk_out1 | design_1_i/project_mvp_top_0/inst/u_compute/u_checker/done_verify_reg_0[0] | design_1_i/project_mvp_top_0/inst/u_compute/u_checker/reset_0     |                4 |              5 |
|  design_1_i/clk_wiz_0/inst/clk_out1 | design_1_i/proc_sys_reset_0/U0/SEQ/seq_cnt_en                              | design_1_i/proc_sys_reset_0/U0/SEQ/SEQ_COUNTER/clear              |                1 |              6 |
|  design_1_i/clk_wiz_0/inst/clk_out1 |                                                                            | design_1_i/project_mvp_top_0/inst/uart_rx_1/data_out[7]_i_1_n_0   |                3 |              8 |
|  design_1_i/clk_wiz_0/inst/clk_out1 |                                                                            | design_1_i/project_mvp_top_0/inst/u_compute/u_checker/reset_0     |                3 |              9 |
|  design_1_i/clk_wiz_0/inst/clk_out1 |                                                                            | design_1_i/proc_sys_reset_0/U0/peripheral_aresetn[0]              |                6 |             12 |
|  design_1_i/clk_wiz_0/inst/clk_out1 | design_1_i/project_mvp_top_0/inst/u_compute/bram_addr_in[13]_i_1_n_0       | design_1_i/project_mvp_top_0/inst/u_compute/u_checker/reset_0     |                4 |             13 |
|  design_1_i/clk_wiz_0/inst/clk_out1 | design_1_i/project_mvp_top_0/inst/uart_buf_1/bram_addra[13]_i_1_n_0        | design_1_i/proc_sys_reset_0/U0/peripheral_aresetn[0]              |                4 |             14 |
|  design_1_i/clk_wiz_0/inst/clk_out1 | design_1_i/project_mvp_top_0/inst/uart_rx_1/rx_state                       | design_1_i/proc_sys_reset_0/U0/peripheral_aresetn[0]              |                5 |             14 |
|  design_1_i/clk_wiz_0/inst/clk_out1 |                                                                            | design_1_i/project_mvp_top_0/inst/uart_rx_1/clk_count[15]_i_1_n_0 |                6 |             16 |
|  design_1_i/clk_wiz_0/inst/clk_out1 | design_1_i/project_mvp_top_0/inst/u_compute/wea_reg_0                      | design_1_i/proc_sys_reset_0/U0/peripheral_aresetn[0]              |                4 |             16 |
|  design_1_i/clk_wiz_0/inst/clk_out1 |                                                                            |                                                                   |                8 |             25 |
|  design_1_i/clk_wiz_0/inst/clk_out1 | design_1_i/project_mvp_top_0/inst/u_compute/counter[0]_i_1_n_0             | design_1_i/project_mvp_top_0/inst/u_compute/u_checker/reset_0     |                8 |             31 |
|  design_1_i/clk_wiz_0/inst/clk_out1 | design_1_i/project_mvp_top_0/inst/u_compute/u_checker/E[0]                 | design_1_i/project_mvp_top_0/inst/u_compute/u_checker/reset_0     |               10 |             32 |
|  design_1_i/clk_wiz_0/inst/clk_out1 | design_1_i/project_mvp_top_0/inst/u_compute/u_checker/state_reg[0]_1[0]    | design_1_i/project_mvp_top_0/inst/u_compute/u_checker/reset_0     |               14 |             32 |
|  design_1_i/clk_wiz_0/inst/clk_out1 | design_1_i/project_mvp_top_0/inst/u_compute/u_checker/state_reg[0]_0[0]    | design_1_i/project_mvp_top_0/inst/u_compute/u_checker/reset_0     |                7 |             32 |
|  design_1_i/clk_wiz_0/inst/clk_out1 | design_1_i/project_mvp_top_0/inst/u_compute/u_checker/CEA2                 | design_1_i/project_mvp_top_0/inst/u_compute/u_checker/reset_0     |                8 |             33 |
+-------------------------------------+----------------------------------------------------------------------------+-------------------------------------------------------------------+------------------+----------------+


