Copyright 1986-2019 Xilinx, Inc. All Rights Reserved.
---------------------------------------------------------------------------------------------
| Tool Version : Vivado v.2018.3.1 (win64) Build 2489853 Tue Mar 26 04:20:25 MDT 2019
| Date         : Tue Mar 31 12:59:23 2026
| Host         : DESKTOP-CDKE44D running 64-bit major release  (build 9200)
| Command      : report_control_sets -verbose -file design_1_wrapper_control_sets_placed.rpt
| Design       : design_1_wrapper
| Device       : xc7a100t
---------------------------------------------------------------------------------------------

Control Set Information

Table of Contents
-----------------
1. Summary
2. Histogram
3. Flip-Flop Distribution
4. Detailed Control Set Information

1. Summary
----------

+----------------------------------------------------------+-------+
|                          Status                          | Count |
+----------------------------------------------------------+-------+
| Number of unique control sets                            |    97 |
| Unused register locations in slices containing registers |   566 |
+----------------------------------------------------------+-------+


2. Histogram
------------

+--------+--------------+
| Fanout | Control Sets |
+--------+--------------+
|      1 |            1 |
|      4 |            3 |
|      5 |            1 |
|      7 |            1 |
|      8 |            3 |
|      9 |            2 |
|     10 |            3 |
|     12 |            1 |
|     14 |            2 |
|    16+ |           80 |
+--------+--------------+


3. Flip-Flop Distribution
-------------------------

+--------------+-----------------------+------------------------+-----------------+--------------+
| Clock Enable | Synchronous Set/Reset | Asynchronous Set/Reset | Total Registers | Total Slices |
+--------------+-----------------------+------------------------+-----------------+--------------+
| No           | No                    | No                     |               5 |            3 |
| No           | No                    | Yes                    |               0 |            0 |
| No           | Yes                   | No                     |              84 |           38 |
| Yes          | No                    | No                     |               0 |            0 |
| Yes          | No                    | Yes                    |              16 |            4 |
| Yes          | Yes                   | No                     |            1489 |          571 |
+--------------+-----------------------+------------------------+-----------------+--------------+


4. Detailed Control Set Information
-----------------------------------

+-------------------------------------+----------------------------------------------------------------------------+-----------------------------------------------------------------------------------+------------------+----------------+
|             Clock Signal            |                                Enable Signal                               |                                  Set/Reset Signal                                 | Slice Load Count | Bel Load Count |
+-------------------------------------+----------------------------------------------------------------------------+-----------------------------------------------------------------------------------+------------------+----------------+
|  design_1_i/clk_wiz_0/inst/clk_out2 |                                                                            |                                                                                   |                1 |              1 |
|  design_1_i/clk_wiz_0/inst/clk_out2 |                                                                            | design_1_i/project_mvp_top_0/inst/uart_buf_1/reset                                |                4 |              4 |
|  design_1_i/clk_wiz_0/inst/clk_out2 |                                                                            | design_1_i/project_mvp_top_0/inst/vga_buf_1/vga_output_1/data_valid_delayed_reg   |                2 |              4 |
|  design_1_i/clk_wiz_0/inst/clk_out1 |                                                                            |                                                                                   |                2 |              4 |
|  design_1_i/clk_wiz_0/inst/clk_out1 | design_1_i/project_mvp_top_0/inst/u_compute/u_checker/done_verify_reg_0[0] | design_1_i/project_mvp_top_0/inst/u_compute/u_checker/rst_0                       |                2 |              5 |
|  design_1_i/clk_wiz_0/inst/clk_out1 | design_1_i/project_mvp_top_0/inst/u_compute/k_reg[6]_i_1_n_0               | design_1_i/project_mvp_top_0/inst/u_compute/u_checker/rst_0                       |                2 |              7 |
|  design_1_i/clk_wiz_0/inst/clk_out1 |                                                                            | design_1_i/project_mvp_top_0/inst/uart_rx_1/data_out[7]_i_1_n_0                   |                3 |              8 |
|  design_1_i/clk_wiz_0/inst/clk_out1 | design_1_i/project_mvp_top_0/inst/uart_buf_1/byte1[7]_i_1_n_0              | design_1_i/project_mvp_top_0/inst/uart_buf_1/reset                                |                2 |              8 |
|  design_1_i/clk_wiz_0/inst/clk_out1 | design_1_i/project_mvp_top_0/inst/uart_buf_1/byte0[7]_i_1_n_0              | design_1_i/project_mvp_top_0/inst/uart_buf_1/reset                                |                2 |              8 |
|  design_1_i/clk_wiz_0/inst/clk_out1 | design_1_i/project_mvp_top_0/inst/u_compute/u_checker/state_reg[1]_0[0]    | design_1_i/project_mvp_top_0/inst/u_compute/u_checker/rst_0                       |                3 |              9 |
|  design_1_i/clk_wiz_0/inst/clk_out1 | design_1_i/project_mvp_top_0/inst/u_compute/u_checker/CEP                  | design_1_i/project_mvp_top_0/inst/u_compute/u_checker/rst_0                       |                5 |              9 |
|  design_1_i/clk_wiz_0/inst/clk_out2 |                                                                            | design_1_i/project_mvp_top_0/inst/vga_buf_1/vga_output_1/h_count[9]_i_1_n_0       |                4 |             10 |
|  design_1_i/clk_wiz_0/inst/clk_out2 | design_1_i/project_mvp_top_0/inst/vga_buf_1/vga_output_1/v_count1__4       | design_1_i/project_mvp_top_0/inst/vga_buf_1/vga_output_1/v_count[9]_i_1_n_0       |                2 |             10 |
|  design_1_i/clk_wiz_0/inst/clk_out1 |                                                                            | design_1_i/project_mvp_top_0/inst/u_compute/u_checker/rst_0                       |                7 |             10 |
|  design_1_i/clk_wiz_0/inst/clk_out1 |                                                                            | design_1_i/project_mvp_top_0/inst/uart_buf_1/reset                                |                5 |             12 |
|  design_1_i/clk_wiz_0/inst/clk_out1 | design_1_i/project_mvp_top_0/inst/u_compute/compute_rd_addr[13]_i_1_n_0    | design_1_i/project_mvp_top_0/inst/u_compute/u_checker/rst_0                       |                8 |             14 |
|  design_1_i/clk_wiz_0/inst/clk_out1 | design_1_i/project_mvp_top_0/inst/uart_rx_1/rx_state                       | design_1_i/project_mvp_top_0/inst/uart_buf_1/reset                                |                6 |             14 |
|  design_1_i/clk_wiz_0/inst/clk_out1 |                                                                            | design_1_i/project_mvp_top_0/inst/uart_rx_1/clk_count[15]_i_1_n_0                 |                7 |             16 |
|  design_1_i/clk_wiz_0/inst/clk_out1 | design_1_i/project_mvp_top_0/inst/u_compute/wea_reg_0                      | design_1_i/project_mvp_top_0/inst/uart_buf_1/reset                                |                4 |             16 |
|  design_1_i/clk_wiz_0/inst/clk_out1 | design_1_i/project_mvp_top_0/inst/u_compute/u_checker/exp_A0_reg[15]0      | design_1_i/project_mvp_top_0/inst/u_compute/u_checker/rst_0                       |                5 |             17 |
|  design_1_i/clk_wiz_0/inst/clk_out1 | design_1_i/project_mvp_top_0/inst/u_compute/u_checker/exp_A0_reg[19]0      | design_1_i/project_mvp_top_0/inst/u_compute/u_checker/rst_0                       |                7 |             17 |
|  design_1_i/clk_wiz_0/inst/clk_out1 | design_1_i/project_mvp_top_0/inst/u_compute/u_checker/exp_A0_reg[20]0      | design_1_i/project_mvp_top_0/inst/u_compute/u_checker/rst_0                       |                6 |             17 |
|  design_1_i/clk_wiz_0/inst/clk_out1 | design_1_i/project_mvp_top_0/inst/u_compute/u_checker/exp_A0_reg[21]0      | design_1_i/project_mvp_top_0/inst/u_compute/u_checker/rst_0                       |                5 |             17 |
|  design_1_i/clk_wiz_0/inst/clk_out1 | design_1_i/project_mvp_top_0/inst/u_compute/u_checker/exp_A0_reg[27]0      | design_1_i/project_mvp_top_0/inst/u_compute/u_checker/rst_0                       |                6 |             17 |
|  design_1_i/clk_wiz_0/inst/clk_out1 | design_1_i/project_mvp_top_0/inst/u_compute/u_checker/exp_A0_reg[29]0      | design_1_i/project_mvp_top_0/inst/u_compute/u_checker/rst_0                       |                8 |             17 |
|  design_1_i/clk_wiz_0/inst/clk_out1 | design_1_i/project_mvp_top_0/inst/u_compute/u_checker/exp_A0_reg[2]0       | design_1_i/project_mvp_top_0/inst/u_compute/u_checker/rst_0                       |                5 |             17 |
|  design_1_i/clk_wiz_0/inst/clk_out1 | design_1_i/project_mvp_top_0/inst/u_compute/u_checker/exp_A0_reg[23]0      | design_1_i/project_mvp_top_0/inst/u_compute/u_checker/rst_0                       |                5 |             17 |
|  design_1_i/clk_wiz_0/inst/clk_out1 | design_1_i/project_mvp_top_0/inst/u_compute/u_checker/exp_A0_reg[24]0      | design_1_i/project_mvp_top_0/inst/u_compute/u_checker/rst_0                       |                7 |             17 |
|  design_1_i/clk_wiz_0/inst/clk_out1 | design_1_i/project_mvp_top_0/inst/u_compute/u_checker/exp_A0_reg[10]0      | design_1_i/project_mvp_top_0/inst/u_compute/u_checker/rst_0                       |                3 |             17 |
|  design_1_i/clk_wiz_0/inst/clk_out1 | design_1_i/project_mvp_top_0/inst/u_compute/u_checker/exp_A0_reg[12]0      | design_1_i/project_mvp_top_0/inst/u_compute/u_checker/rst_0                       |                4 |             17 |
|  design_1_i/clk_wiz_0/inst/clk_out1 | design_1_i/project_mvp_top_0/inst/u_compute/u_checker/exp_A0_reg[14]0      | design_1_i/project_mvp_top_0/inst/u_compute/u_checker/rst_0                       |                6 |             17 |
|  design_1_i/clk_wiz_0/inst/clk_out1 | design_1_i/project_mvp_top_0/inst/u_compute/u_checker/exp_A0_reg[11]0      | design_1_i/project_mvp_top_0/inst/u_compute/u_checker/rst_0                       |                8 |             17 |
|  design_1_i/clk_wiz_0/inst/clk_out1 | design_1_i/project_mvp_top_0/inst/u_compute/u_checker/exp_A0_reg[16]0      | design_1_i/project_mvp_top_0/inst/u_compute/u_checker/rst_0                       |                4 |             17 |
|  design_1_i/clk_wiz_0/inst/clk_out1 | design_1_i/project_mvp_top_0/inst/u_compute/u_checker/exp_A0_reg[13]0      | design_1_i/project_mvp_top_0/inst/u_compute/u_checker/rst_0                       |                7 |             17 |
|  design_1_i/clk_wiz_0/inst/clk_out1 | design_1_i/project_mvp_top_0/inst/u_compute/u_checker/exp_A0_reg[31]0      | design_1_i/project_mvp_top_0/inst/u_compute/u_checker/rst_0                       |               13 |             17 |
|  design_1_i/clk_wiz_0/inst/clk_out1 | design_1_i/project_mvp_top_0/inst/u_compute/u_checker/exp_A0_reg[22]0      | design_1_i/project_mvp_top_0/inst/u_compute/u_checker/rst_0                       |               11 |             17 |
|  design_1_i/clk_wiz_0/inst/clk_out1 | design_1_i/project_mvp_top_0/inst/u_compute/u_checker/exp_A0_reg[32]0      | design_1_i/project_mvp_top_0/inst/u_compute/u_checker/rst_0                       |                4 |             17 |
|  design_1_i/clk_wiz_0/inst/clk_out1 | design_1_i/project_mvp_top_0/inst/u_compute/u_checker/exp_A0_reg[30]0      | design_1_i/project_mvp_top_0/inst/u_compute/u_checker/rst_0                       |               10 |             17 |
|  design_1_i/clk_wiz_0/inst/clk_out1 | design_1_i/project_mvp_top_0/inst/u_compute/u_checker/exp_A0_reg[33]0      | design_1_i/project_mvp_top_0/inst/u_compute/u_checker/rst_0                       |                5 |             17 |
|  design_1_i/clk_wiz_0/inst/clk_out1 | design_1_i/project_mvp_top_0/inst/u_compute/u_checker/exp_A0_reg[17]0      | design_1_i/project_mvp_top_0/inst/u_compute/u_checker/rst_0                       |                7 |             17 |
|  design_1_i/clk_wiz_0/inst/clk_out1 | design_1_i/project_mvp_top_0/inst/u_compute/u_checker/exp_A0_reg[0]0       | design_1_i/project_mvp_top_0/inst/u_compute/u_checker/rst_0                       |                5 |             17 |
|  design_1_i/clk_wiz_0/inst/clk_out1 | design_1_i/project_mvp_top_0/inst/u_compute/u_checker/exp_A0_reg[18]0      | design_1_i/project_mvp_top_0/inst/u_compute/u_checker/rst_0                       |                9 |             17 |
|  design_1_i/clk_wiz_0/inst/clk_out1 | design_1_i/project_mvp_top_0/inst/u_compute/u_checker/exp_A0_reg[26]0      | design_1_i/project_mvp_top_0/inst/u_compute/u_checker/rst_0                       |                6 |             17 |
|  design_1_i/clk_wiz_0/inst/clk_out1 | design_1_i/project_mvp_top_0/inst/u_compute/u_checker/exp_A0_reg[25]0      | design_1_i/project_mvp_top_0/inst/u_compute/u_checker/rst_0                       |                5 |             17 |
|  design_1_i/clk_wiz_0/inst/clk_out1 | design_1_i/project_mvp_top_0/inst/u_compute/u_checker/exp_A0_reg[28]0      | design_1_i/project_mvp_top_0/inst/u_compute/u_checker/rst_0                       |               11 |             17 |
|  design_1_i/clk_wiz_0/inst/clk_out1 | design_1_i/project_mvp_top_0/inst/u_compute/u_checker/exp_A0_reg[34]0      | design_1_i/project_mvp_top_0/inst/u_compute/u_checker/rst_0                       |               11 |             17 |
|  design_1_i/clk_wiz_0/inst/clk_out1 | design_1_i/project_mvp_top_0/inst/u_compute/u_checker/exp_A0_reg[8]0       | design_1_i/project_mvp_top_0/inst/u_compute/u_checker/rst_0                       |                9 |             17 |
|  design_1_i/clk_wiz_0/inst/clk_out1 | design_1_i/project_mvp_top_0/inst/u_compute/u_checker/exp_A0_reg[38]0      | design_1_i/project_mvp_top_0/inst/u_compute/u_checker/rst_0                       |               10 |             17 |
|  design_1_i/clk_wiz_0/inst/clk_out1 | design_1_i/project_mvp_top_0/inst/u_compute/u_checker/exp_A0_reg[3]0       | design_1_i/project_mvp_top_0/inst/u_compute/u_checker/rst_0                       |                6 |             17 |
|  design_1_i/clk_wiz_0/inst/clk_out1 | design_1_i/project_mvp_top_0/inst/u_compute/u_checker/exp_A0_reg[45]0      | design_1_i/project_mvp_top_0/inst/u_compute/u_checker/rst_0                       |               10 |             17 |
|  design_1_i/clk_wiz_0/inst/clk_out1 | design_1_i/project_mvp_top_0/inst/u_compute/u_checker/exp_A0_reg[4]0       | design_1_i/project_mvp_top_0/inst/u_compute/u_checker/rst_0                       |                8 |             17 |
|  design_1_i/clk_wiz_0/inst/clk_out1 | design_1_i/project_mvp_top_0/inst/u_compute/u_checker/exp_A0_reg[5]0       | design_1_i/project_mvp_top_0/inst/u_compute/u_checker/rst_0                       |                6 |             17 |
|  design_1_i/clk_wiz_0/inst/clk_out1 | design_1_i/project_mvp_top_0/inst/u_compute/u_checker/exp_A0_reg[44]0      | design_1_i/project_mvp_top_0/inst/u_compute/u_checker/rst_0                       |                8 |             17 |
|  design_1_i/clk_wiz_0/inst/clk_out1 | design_1_i/project_mvp_top_0/inst/u_compute/u_checker/exp_A0_reg[58]0      | design_1_i/project_mvp_top_0/inst/u_compute/u_checker/rst_0                       |                6 |             17 |
|  design_1_i/clk_wiz_0/inst/clk_out1 | design_1_i/project_mvp_top_0/inst/u_compute/u_checker/exp_A0_reg[6]0       | design_1_i/project_mvp_top_0/inst/u_compute/u_checker/rst_0                       |                8 |             17 |
|  design_1_i/clk_wiz_0/inst/clk_out1 | design_1_i/project_mvp_top_0/inst/u_compute/u_checker/exp_A0_reg[46]0      | design_1_i/project_mvp_top_0/inst/u_compute/u_checker/rst_0                       |               14 |             17 |
|  design_1_i/clk_wiz_0/inst/clk_out1 | design_1_i/project_mvp_top_0/inst/u_compute/u_checker/exp_A0_reg[63]0      | design_1_i/project_mvp_top_0/inst/u_compute/u_checker/rst_0                       |               10 |             17 |
|  design_1_i/clk_wiz_0/inst/clk_out1 | design_1_i/project_mvp_top_0/inst/u_compute/u_checker/exp_A0_reg[43]0      | design_1_i/project_mvp_top_0/inst/u_compute/u_checker/rst_0                       |                7 |             17 |
|  design_1_i/clk_wiz_0/inst/clk_out1 | design_1_i/project_mvp_top_0/inst/u_compute/u_checker/exp_A0_reg[49]0      | design_1_i/project_mvp_top_0/inst/u_compute/u_checker/rst_0                       |                4 |             17 |
|  design_1_i/clk_wiz_0/inst/clk_out1 | design_1_i/project_mvp_top_0/inst/u_compute/u_checker/exp_A0_reg[53]0      | design_1_i/project_mvp_top_0/inst/u_compute/u_checker/rst_0                       |                6 |             17 |
|  design_1_i/clk_wiz_0/inst/clk_out1 | design_1_i/project_mvp_top_0/inst/u_compute/u_checker/exp_A0_reg[54]0      | design_1_i/project_mvp_top_0/inst/u_compute/u_checker/rst_0                       |                3 |             17 |
|  design_1_i/clk_wiz_0/inst/clk_out1 | design_1_i/project_mvp_top_0/inst/u_compute/u_checker/exp_A0_reg[59]0      | design_1_i/project_mvp_top_0/inst/u_compute/u_checker/rst_0                       |                3 |             17 |
|  design_1_i/clk_wiz_0/inst/clk_out1 | design_1_i/project_mvp_top_0/inst/u_compute/u_checker/exp_A0_reg[36]0      | design_1_i/project_mvp_top_0/inst/u_compute/u_checker/rst_0                       |                9 |             17 |
|  design_1_i/clk_wiz_0/inst/clk_out1 | design_1_i/project_mvp_top_0/inst/u_compute/u_checker/exp_A0_reg[60]0      | design_1_i/project_mvp_top_0/inst/u_compute/u_checker/rst_0                       |                9 |             17 |
|  design_1_i/clk_wiz_0/inst/clk_out1 | design_1_i/project_mvp_top_0/inst/u_compute/u_checker/exp_A0_reg[42]0      | design_1_i/project_mvp_top_0/inst/u_compute/u_checker/rst_0                       |                3 |             17 |
|  design_1_i/clk_wiz_0/inst/clk_out1 | design_1_i/project_mvp_top_0/inst/u_compute/u_checker/exp_A0_reg[56]0      | design_1_i/project_mvp_top_0/inst/u_compute/u_checker/rst_0                       |                4 |             17 |
|  design_1_i/clk_wiz_0/inst/clk_out1 | design_1_i/project_mvp_top_0/inst/u_compute/u_checker/exp_A0_reg[61]0      | design_1_i/project_mvp_top_0/inst/u_compute/u_checker/rst_0                       |                6 |             17 |
|  design_1_i/clk_wiz_0/inst/clk_out1 | design_1_i/project_mvp_top_0/inst/u_compute/u_checker/exp_A0_reg[40]0      | design_1_i/project_mvp_top_0/inst/u_compute/u_checker/rst_0                       |                6 |             17 |
|  design_1_i/clk_wiz_0/inst/clk_out1 | design_1_i/project_mvp_top_0/inst/u_compute/u_checker/exp_A0_reg[50]0      | design_1_i/project_mvp_top_0/inst/u_compute/u_checker/rst_0                       |                6 |             17 |
|  design_1_i/clk_wiz_0/inst/clk_out1 | design_1_i/project_mvp_top_0/inst/u_compute/u_checker/exp_A0_reg[62]0      | design_1_i/project_mvp_top_0/inst/u_compute/u_checker/rst_0                       |                9 |             17 |
|  design_1_i/clk_wiz_0/inst/clk_out1 | design_1_i/project_mvp_top_0/inst/u_compute/u_checker/exp_A0_reg[9]0       | design_1_i/project_mvp_top_0/inst/u_compute/u_checker/rst_0                       |               10 |             17 |
|  design_1_i/clk_wiz_0/inst/clk_out1 | design_1_i/project_mvp_top_0/inst/u_compute/u_checker/exp_A0_reg[48]0      | design_1_i/project_mvp_top_0/inst/u_compute/u_checker/rst_0                       |                7 |             17 |
|  design_1_i/clk_wiz_0/inst/clk_out1 | design_1_i/project_mvp_top_0/inst/u_compute/u_checker/exp_A0_reg[55]0      | design_1_i/project_mvp_top_0/inst/u_compute/u_checker/rst_0                       |                5 |             17 |
|  design_1_i/clk_wiz_0/inst/clk_out1 | design_1_i/project_mvp_top_0/inst/u_compute/u_checker/exp_A0_reg[35]0      | design_1_i/project_mvp_top_0/inst/u_compute/u_checker/rst_0                       |                6 |             17 |
|  design_1_i/clk_wiz_0/inst/clk_out1 | design_1_i/project_mvp_top_0/inst/u_compute/u_checker/exp_A0_reg[41]0      | design_1_i/project_mvp_top_0/inst/u_compute/u_checker/rst_0                       |                3 |             17 |
|  design_1_i/clk_wiz_0/inst/clk_out1 | design_1_i/project_mvp_top_0/inst/u_compute/u_checker/exp_A0_reg[39]0      | design_1_i/project_mvp_top_0/inst/u_compute/u_checker/rst_0                       |                5 |             17 |
|  design_1_i/clk_wiz_0/inst/clk_out1 | design_1_i/project_mvp_top_0/inst/u_compute/u_checker/exp_A0_reg[37]0      | design_1_i/project_mvp_top_0/inst/u_compute/u_checker/rst_0                       |                8 |             17 |
|  design_1_i/clk_wiz_0/inst/clk_out1 | design_1_i/project_mvp_top_0/inst/u_compute/u_checker/exp_A0_reg[47]0      | design_1_i/project_mvp_top_0/inst/u_compute/u_checker/rst_0                       |               11 |             17 |
|  design_1_i/clk_wiz_0/inst/clk_out1 | design_1_i/project_mvp_top_0/inst/u_compute/u_checker/exp_A0_reg[51]0      | design_1_i/project_mvp_top_0/inst/u_compute/u_checker/rst_0                       |                4 |             17 |
|  design_1_i/clk_wiz_0/inst/clk_out1 | design_1_i/project_mvp_top_0/inst/u_compute/u_checker/exp_A0_reg[57]0      | design_1_i/project_mvp_top_0/inst/u_compute/u_checker/rst_0                       |                5 |             17 |
|  design_1_i/clk_wiz_0/inst/clk_out1 | design_1_i/project_mvp_top_0/inst/u_compute/u_checker/exp_A0_reg[7]0       | design_1_i/project_mvp_top_0/inst/u_compute/u_checker/rst_0                       |                8 |             17 |
|  design_1_i/clk_wiz_0/inst/clk_out1 | design_1_i/project_mvp_top_0/inst/u_compute/u_checker/exp_A0_reg[52]0      | design_1_i/project_mvp_top_0/inst/u_compute/u_checker/rst_0                       |                4 |             17 |
|  design_1_i/clk_wiz_0/inst/clk_out1 | design_1_i/project_mvp_top_0/inst/u_compute/s_reg[16]_i_1_n_0              | design_1_i/project_mvp_top_0/inst/u_compute/u_checker/rst_0                       |                4 |             17 |
|  design_1_i/clk_wiz_0/inst/clk_out1 | design_1_i/project_mvp_top_0/inst/u_compute/scaled_s_reg[16]_i_1_n_0       | design_1_i/project_mvp_top_0/inst/u_compute/u_checker/rst_0                       |                5 |             17 |
|  design_1_i/clk_wiz_0/inst/clk_out1 | design_1_i/project_mvp_top_0/inst/u_compute/scale_reg[16]_i_1_n_0          | design_1_i/project_mvp_top_0/inst/u_compute/u_checker/rst_0                       |                4 |             17 |
|  design_1_i/clk_wiz_0/inst/clk_out1 | design_1_i/project_mvp_top_0/inst/u_compute/sv_reg[16]_i_1_n_0             | design_1_i/project_mvp_top_0/inst/u_compute/u_checker/rst_0                       |                5 |             17 |
|  design_1_i/clk_wiz_0/inst/clk_out1 | design_1_i/project_mvp_top_0/inst/u_compute/vt_reg[16]_i_1_n_0             | design_1_i/project_mvp_top_0/inst/u_compute/u_checker/rst_0                       |                4 |             17 |
|  design_1_i/clk_wiz_0/inst/clk_out1 | design_1_i/project_mvp_top_0/inst/u_compute/u_checker/exp_A0_reg[1]0       | design_1_i/project_mvp_top_0/inst/u_compute/u_checker/rst_0                       |                6 |             17 |
|  design_1_i/clk_wiz_0/inst/clk_out1 | design_1_i/project_mvp_top_0/inst/u_compute/u_reg[16]_i_1_n_0              | design_1_i/project_mvp_top_0/inst/u_compute/u_checker/rst_0                       |                5 |             17 |
|  design_1_i/clk_wiz_0/inst/clk_out2 |                                                                            | design_1_i/project_mvp_top_0/inst/vga_buf_1/vga_output_1/h_valid_count[9]_i_1_n_0 |                6 |             20 |
|  design_1_i/clk_wiz_0/inst/clk_out1 | design_1_i/project_mvp_top_0/inst/u_compute/bram_addr_in[13]_i_1_n_0       | design_1_i/project_mvp_top_0/inst/u_compute/u_checker/rst_0                       |                9 |             23 |
|  design_1_i/clk_wiz_0/inst/clk_out1 | design_1_i/project_mvp_top_0/inst/uart_buf_1/bram_addra[13]_i_1_n_0        | design_1_i/project_mvp_top_0/inst/uart_buf_1/reset                                |               13 |             31 |
|  design_1_i/clk_wiz_0/inst/clk_out1 | design_1_i/project_mvp_top_0/inst/u_compute/counter[0]_i_1_n_0             | design_1_i/project_mvp_top_0/inst/u_compute/u_checker/rst_0                       |                8 |             31 |
|  design_1_i/clk_wiz_0/inst/clk_out1 | design_1_i/project_mvp_top_0/inst/u_compute/u_checker/state_reg[0]_1[0]    | design_1_i/project_mvp_top_0/inst/u_compute/u_checker/rst_0                       |               15 |             32 |
|  design_1_i/clk_wiz_0/inst/clk_out1 | design_1_i/project_mvp_top_0/inst/u_compute/u_checker/E[0]                 | design_1_i/project_mvp_top_0/inst/u_compute/u_checker/rst_0                       |               10 |             32 |
|  design_1_i/clk_wiz_0/inst/clk_out1 | design_1_i/project_mvp_top_0/inst/u_compute/u_checker/state_reg[0]_0[0]    | design_1_i/project_mvp_top_0/inst/u_compute/u_checker/rst_0                       |               11 |             32 |
|  design_1_i/clk_wiz_0/inst/clk_out1 | design_1_i/project_mvp_top_0/inst/u_compute/u_checker/CEA2                 | design_1_i/project_mvp_top_0/inst/u_compute/u_checker/rst_0                       |               11 |             34 |
+-------------------------------------+----------------------------------------------------------------------------+-----------------------------------------------------------------------------------+------------------+----------------+


