Copyright 1986-2019 Xilinx, Inc. All Rights Reserved.
---------------------------------------------------------------------------------------------
| Tool Version : Vivado v.2018.3.1 (win64) Build 2489853 Tue Mar 26 04:20:25 MDT 2019
| Date         : Tue Mar 31 09:21:12 2026
| Host         : DESKTOP-CDKE44D running 64-bit major release  (build 9200)
| Command      : report_control_sets -verbose -file design_1_wrapper_control_sets_placed.rpt
| Design       : design_1_wrapper
| Device       : xc7a100t
---------------------------------------------------------------------------------------------

Control Set Information

Table of Contents
-----------------
1. Summary
2. Histogram
3. Flip-Flop Distribution
4. Detailed Control Set Information

1. Summary
----------

+----------------------------------------------------------+-------+
|                          Status                          | Count |
+----------------------------------------------------------+-------+
| Number of unique control sets                            |   232 |
| Unused register locations in slices containing registers |  1504 |
+----------------------------------------------------------+-------+


2. Histogram
------------

+--------+--------------+
| Fanout | Control Sets |
+--------+--------------+
|      1 |            1 |
|      4 |            3 |
|      5 |            1 |
|      8 |            4 |
|      9 |            1 |
|     10 |            3 |
|     12 |            1 |
|     14 |            2 |
|    16+ |          216 |
+--------+--------------+


3. Flip-Flop Distribution
-------------------------

+--------------+-----------------------+------------------------+-----------------+--------------+
| Clock Enable | Synchronous Set/Reset | Asynchronous Set/Reset | Total Registers | Total Slices |
+--------------+-----------------------+------------------------+-----------------+--------------+
| No           | No                    | No                     |               5 |            4 |
| No           | No                    | Yes                    |               0 |            0 |
| No           | Yes                   | No                     |              84 |           35 |
| Yes          | No                    | No                     |               0 |            0 |
| Yes          | No                    | Yes                    |              16 |            4 |
| Yes          | Yes                   | No                     |            3791 |         1587 |
+--------------+-----------------------+------------------------+-----------------+--------------+


4. Detailed Control Set Information
-----------------------------------

+-------------------------------------+----------------------------------------------------------------------------+-----------------------------------------------------------------------------------+------------------+----------------+
|             Clock Signal            |                                Enable Signal                               |                                  Set/Reset Signal                                 | Slice Load Count | Bel Load Count |
+-------------------------------------+----------------------------------------------------------------------------+-----------------------------------------------------------------------------------+------------------+----------------+
|  design_1_i/clk_wiz_0/inst/clk_out2 |                                                                            |                                                                                   |                1 |              1 |
|  design_1_i/clk_wiz_0/inst/clk_out1 |                                                                            |                                                                                   |                3 |              4 |
|  design_1_i/clk_wiz_0/inst/clk_out2 |                                                                            | design_1_i/project_mvp_top_0/inst/uart_buf_1/reset                                |                2 |              4 |
|  design_1_i/clk_wiz_0/inst/clk_out2 |                                                                            | design_1_i/project_mvp_top_0/inst/vga_buf_1/vga_output_1/data_valid_delayed_reg   |                1 |              4 |
|  design_1_i/clk_wiz_0/inst/clk_out1 | design_1_i/project_mvp_top_0/inst/u_compute/u_checker/done_verify_reg_0[0] | design_1_i/project_mvp_top_0/inst/u_compute/u_checker/SR[0]                       |                4 |              5 |
|  design_1_i/clk_wiz_0/inst/clk_out1 |                                                                            | design_1_i/project_mvp_top_0/inst/uart_rx_1/data_out[7]_i_1_n_0                   |                3 |              8 |
|  design_1_i/clk_wiz_0/inst/clk_out1 | design_1_i/project_mvp_top_0/inst/u_compute/k_reg[7]_i_1_n_0               | design_1_i/project_mvp_top_0/inst/u_compute/u_checker/SR[0]                       |                3 |              8 |
|  design_1_i/clk_wiz_0/inst/clk_out1 | design_1_i/project_mvp_top_0/inst/uart_buf_1/byte0[7]_i_1_n_0              | design_1_i/project_mvp_top_0/inst/uart_buf_1/reset                                |                5 |              8 |
|  design_1_i/clk_wiz_0/inst/clk_out1 | design_1_i/project_mvp_top_0/inst/uart_buf_1/byte1[7]_i_1_n_0              | design_1_i/project_mvp_top_0/inst/uart_buf_1/reset                                |                6 |              8 |
|  design_1_i/clk_wiz_0/inst/clk_out1 | design_1_i/project_mvp_top_0/inst/u_compute/u_checker/state_reg[1]_0[0]    | design_1_i/project_mvp_top_0/inst/u_compute/u_checker/SR[0]                       |                4 |              9 |
|  design_1_i/clk_wiz_0/inst/clk_out1 |                                                                            | design_1_i/project_mvp_top_0/inst/u_compute/u_checker/SR[0]                       |                5 |             10 |
|  design_1_i/clk_wiz_0/inst/clk_out2 | design_1_i/project_mvp_top_0/inst/vga_buf_1/vga_output_1/v_count1__4       | design_1_i/project_mvp_top_0/inst/vga_buf_1/vga_output_1/v_count[9]_i_1_n_0       |                4 |             10 |
|  design_1_i/clk_wiz_0/inst/clk_out2 |                                                                            | design_1_i/project_mvp_top_0/inst/vga_buf_1/vga_output_1/h_count[9]_i_1_n_0       |                3 |             10 |
|  design_1_i/clk_wiz_0/inst/clk_out1 |                                                                            | design_1_i/project_mvp_top_0/inst/uart_buf_1/reset                                |                5 |             12 |
|  design_1_i/clk_wiz_0/inst/clk_out1 | design_1_i/project_mvp_top_0/inst/u_compute/compute_rd_addr[13]_i_1_n_0    | design_1_i/project_mvp_top_0/inst/u_compute/u_checker/SR[0]                       |                4 |             14 |
|  design_1_i/clk_wiz_0/inst/clk_out1 | design_1_i/project_mvp_top_0/inst/uart_rx_1/rx_state                       | design_1_i/project_mvp_top_0/inst/uart_buf_1/reset                                |                6 |             14 |
|  design_1_i/clk_wiz_0/inst/clk_out1 |                                                                            | design_1_i/project_mvp_top_0/inst/uart_rx_1/clk_count[15]_i_1_n_0                 |                7 |             16 |
|  design_1_i/clk_wiz_0/inst/clk_out1 | design_1_i/project_mvp_top_0/inst/u_compute/bram_addr_in_reg[3]_0          | design_1_i/project_mvp_top_0/inst/uart_buf_1/reset                                |                4 |             16 |
|  design_1_i/clk_wiz_0/inst/clk_out1 | design_1_i/project_mvp_top_0/inst/u_compute/u_checker/exp_A0_reg[104]0     | design_1_i/project_mvp_top_0/inst/u_compute/u_checker/SR[0]                       |                5 |             17 |
|  design_1_i/clk_wiz_0/inst/clk_out1 | design_1_i/project_mvp_top_0/inst/u_compute/u_checker/exp_A0_reg[107]0     | design_1_i/project_mvp_top_0/inst/u_compute/u_checker/SR[0]                       |                9 |             17 |
|  design_1_i/clk_wiz_0/inst/clk_out1 | design_1_i/project_mvp_top_0/inst/u_compute/u_checker/exp_A0_reg[0]0       | design_1_i/project_mvp_top_0/inst/u_compute/u_checker/SR[0]                       |                4 |             17 |
|  design_1_i/clk_wiz_0/inst/clk_out1 | design_1_i/project_mvp_top_0/inst/u_compute/u_checker/exp_A0_reg[108]0     | design_1_i/project_mvp_top_0/inst/u_compute/u_checker/SR[0]                       |               10 |             17 |
|  design_1_i/clk_wiz_0/inst/clk_out1 | design_1_i/project_mvp_top_0/inst/u_compute/u_checker/exp_A0_reg[106]0     | design_1_i/project_mvp_top_0/inst/u_compute/u_checker/SR[0]                       |                6 |             17 |
|  design_1_i/clk_wiz_0/inst/clk_out1 | design_1_i/project_mvp_top_0/inst/u_compute/u_checker/exp_A0_reg[109]0     | design_1_i/project_mvp_top_0/inst/u_compute/u_checker/SR[0]                       |                6 |             17 |
|  design_1_i/clk_wiz_0/inst/clk_out1 | design_1_i/project_mvp_top_0/inst/u_compute/u_checker/exp_A0_reg[10]0      | design_1_i/project_mvp_top_0/inst/u_compute/u_checker/SR[0]                       |                6 |             17 |
|  design_1_i/clk_wiz_0/inst/clk_out1 | design_1_i/project_mvp_top_0/inst/u_compute/u_checker/exp_A0_reg[111]0     | design_1_i/project_mvp_top_0/inst/u_compute/u_checker/SR[0]                       |                7 |             17 |
|  design_1_i/clk_wiz_0/inst/clk_out1 | design_1_i/project_mvp_top_0/inst/u_compute/u_checker/exp_A0_reg[112]0     | design_1_i/project_mvp_top_0/inst/u_compute/u_checker/SR[0]                       |               10 |             17 |
|  design_1_i/clk_wiz_0/inst/clk_out1 | design_1_i/project_mvp_top_0/inst/u_compute/u_checker/exp_A0_reg[113]0     | design_1_i/project_mvp_top_0/inst/u_compute/u_checker/SR[0]                       |                7 |             17 |
|  design_1_i/clk_wiz_0/inst/clk_out1 | design_1_i/project_mvp_top_0/inst/u_compute/u_checker/exp_A0_reg[116]0     | design_1_i/project_mvp_top_0/inst/u_compute/u_checker/SR[0]                       |                6 |             17 |
|  design_1_i/clk_wiz_0/inst/clk_out1 | design_1_i/project_mvp_top_0/inst/u_compute/u_checker/exp_A0_reg[117]0     | design_1_i/project_mvp_top_0/inst/u_compute/u_checker/SR[0]                       |                8 |             17 |
|  design_1_i/clk_wiz_0/inst/clk_out1 | design_1_i/project_mvp_top_0/inst/u_compute/u_checker/exp_A0_reg[118]0     | design_1_i/project_mvp_top_0/inst/u_compute/u_checker/SR[0]                       |                6 |             17 |
|  design_1_i/clk_wiz_0/inst/clk_out1 | design_1_i/project_mvp_top_0/inst/u_compute/u_checker/exp_A0_reg[101]0     | design_1_i/project_mvp_top_0/inst/u_compute/u_checker/SR[0]                       |                6 |             17 |
|  design_1_i/clk_wiz_0/inst/clk_out1 | design_1_i/project_mvp_top_0/inst/u_compute/u_checker/exp_A0_reg[119]0     | design_1_i/project_mvp_top_0/inst/u_compute/u_checker/SR[0]                       |                5 |             17 |
|  design_1_i/clk_wiz_0/inst/clk_out1 | design_1_i/project_mvp_top_0/inst/u_compute/u_checker/exp_A0_reg[11]0      | design_1_i/project_mvp_top_0/inst/u_compute/u_checker/SR[0]                       |                7 |             17 |
|  design_1_i/clk_wiz_0/inst/clk_out1 | design_1_i/project_mvp_top_0/inst/u_compute/u_checker/exp_A0_reg[120]0     | design_1_i/project_mvp_top_0/inst/u_compute/u_checker/SR[0]                       |                6 |             17 |
|  design_1_i/clk_wiz_0/inst/clk_out1 | design_1_i/project_mvp_top_0/inst/u_compute/u_checker/exp_A0_reg[121]0     | design_1_i/project_mvp_top_0/inst/u_compute/u_checker/SR[0]                       |               10 |             17 |
|  design_1_i/clk_wiz_0/inst/clk_out1 | design_1_i/project_mvp_top_0/inst/u_compute/u_checker/exp_A0_reg[122]0     | design_1_i/project_mvp_top_0/inst/u_compute/u_checker/SR[0]                       |                9 |             17 |
|  design_1_i/clk_wiz_0/inst/clk_out1 | design_1_i/project_mvp_top_0/inst/u_compute/u_checker/exp_A0_reg[103]0     | design_1_i/project_mvp_top_0/inst/u_compute/u_checker/SR[0]                       |                7 |             17 |
|  design_1_i/clk_wiz_0/inst/clk_out1 | design_1_i/project_mvp_top_0/inst/u_compute/u_checker/exp_A0_reg[123]0     | design_1_i/project_mvp_top_0/inst/u_compute/u_checker/SR[0]                       |               10 |             17 |
|  design_1_i/clk_wiz_0/inst/clk_out1 | design_1_i/project_mvp_top_0/inst/u_compute/u_checker/exp_A0_reg[125]0     | design_1_i/project_mvp_top_0/inst/u_compute/u_checker/SR[0]                       |                7 |             17 |
|  design_1_i/clk_wiz_0/inst/clk_out1 | design_1_i/project_mvp_top_0/inst/u_compute/u_checker/exp_A0_reg[126]0     | design_1_i/project_mvp_top_0/inst/u_compute/u_checker/SR[0]                       |               11 |             17 |
|  design_1_i/clk_wiz_0/inst/clk_out1 | design_1_i/project_mvp_top_0/inst/u_compute/u_checker/exp_A0_reg[105]0     | design_1_i/project_mvp_top_0/inst/u_compute/u_checker/SR[0]                       |                5 |             17 |
|  design_1_i/clk_wiz_0/inst/clk_out1 | design_1_i/project_mvp_top_0/inst/u_compute/u_checker/exp_A0_reg[114]0     | design_1_i/project_mvp_top_0/inst/u_compute/u_checker/SR[0]                       |                5 |             17 |
|  design_1_i/clk_wiz_0/inst/clk_out1 | design_1_i/project_mvp_top_0/inst/u_compute/u_checker/exp_A0_reg[124]0     | design_1_i/project_mvp_top_0/inst/u_compute/u_checker/SR[0]                       |               10 |             17 |
|  design_1_i/clk_wiz_0/inst/clk_out1 | design_1_i/project_mvp_top_0/inst/u_compute/u_checker/exp_A0_reg[127]0     | design_1_i/project_mvp_top_0/inst/u_compute/u_checker/SR[0]                       |               14 |             17 |
|  design_1_i/clk_wiz_0/inst/clk_out1 | design_1_i/project_mvp_top_0/inst/u_compute/u_checker/exp_A0_reg[110]0     | design_1_i/project_mvp_top_0/inst/u_compute/u_checker/SR[0]                       |                6 |             17 |
|  design_1_i/clk_wiz_0/inst/clk_out1 | design_1_i/project_mvp_top_0/inst/u_compute/u_checker/exp_A0_reg[115]0     | design_1_i/project_mvp_top_0/inst/u_compute/u_checker/SR[0]                       |                6 |             17 |
|  design_1_i/clk_wiz_0/inst/clk_out1 | design_1_i/project_mvp_top_0/inst/u_compute/u_checker/exp_A0_reg[134]0     | design_1_i/project_mvp_top_0/inst/u_compute/u_checker/SR[0]                       |                5 |             17 |
|  design_1_i/clk_wiz_0/inst/clk_out1 | design_1_i/project_mvp_top_0/inst/u_compute/u_checker/exp_A0_reg[139]0     | design_1_i/project_mvp_top_0/inst/u_compute/u_checker/SR[0]                       |                3 |             17 |
|  design_1_i/clk_wiz_0/inst/clk_out1 | design_1_i/project_mvp_top_0/inst/u_compute/u_checker/exp_A0_reg[152]0     | design_1_i/project_mvp_top_0/inst/u_compute/u_checker/SR[0]                       |                7 |             17 |
|  design_1_i/clk_wiz_0/inst/clk_out1 | design_1_i/project_mvp_top_0/inst/u_compute/u_checker/exp_A0_reg[163]0     | design_1_i/project_mvp_top_0/inst/u_compute/u_checker/SR[0]                       |                5 |             17 |
|  design_1_i/clk_wiz_0/inst/clk_out1 | design_1_i/project_mvp_top_0/inst/u_compute/u_checker/exp_A0_reg[164]0     | design_1_i/project_mvp_top_0/inst/u_compute/u_checker/SR[0]                       |                6 |             17 |
|  design_1_i/clk_wiz_0/inst/clk_out1 | design_1_i/project_mvp_top_0/inst/u_compute/u_checker/exp_A0_reg[132]0     | design_1_i/project_mvp_top_0/inst/u_compute/u_checker/SR[0]                       |                9 |             17 |
|  design_1_i/clk_wiz_0/inst/clk_out1 | design_1_i/project_mvp_top_0/inst/u_compute/u_checker/exp_A0_reg[135]0     | design_1_i/project_mvp_top_0/inst/u_compute/u_checker/SR[0]                       |                7 |             17 |
|  design_1_i/clk_wiz_0/inst/clk_out1 | design_1_i/project_mvp_top_0/inst/u_compute/u_checker/exp_A0_reg[160]0     | design_1_i/project_mvp_top_0/inst/u_compute/u_checker/SR[0]                       |                7 |             17 |
|  design_1_i/clk_wiz_0/inst/clk_out1 | design_1_i/project_mvp_top_0/inst/u_compute/u_checker/exp_A0_reg[172]0     | design_1_i/project_mvp_top_0/inst/u_compute/u_checker/SR[0]                       |               10 |             17 |
|  design_1_i/clk_wiz_0/inst/clk_out1 | design_1_i/project_mvp_top_0/inst/u_compute/u_checker/exp_A0_reg[174]0     | design_1_i/project_mvp_top_0/inst/u_compute/u_checker/SR[0]                       |               13 |             17 |
|  design_1_i/clk_wiz_0/inst/clk_out1 | design_1_i/project_mvp_top_0/inst/u_compute/u_checker/exp_A0_reg[181]0     | design_1_i/project_mvp_top_0/inst/u_compute/u_checker/SR[0]                       |                8 |             17 |
|  design_1_i/clk_wiz_0/inst/clk_out1 | design_1_i/project_mvp_top_0/inst/u_compute/u_checker/exp_A0_reg[176]0     | design_1_i/project_mvp_top_0/inst/u_compute/u_checker/SR[0]                       |                7 |             17 |
|  design_1_i/clk_wiz_0/inst/clk_out1 | design_1_i/project_mvp_top_0/inst/u_compute/u_checker/exp_A0_reg[182]0     | design_1_i/project_mvp_top_0/inst/u_compute/u_checker/SR[0]                       |                9 |             17 |
|  design_1_i/clk_wiz_0/inst/clk_out1 | design_1_i/project_mvp_top_0/inst/u_compute/u_checker/exp_A0_reg[165]0     | design_1_i/project_mvp_top_0/inst/u_compute/u_checker/SR[0]                       |               10 |             17 |
|  design_1_i/clk_wiz_0/inst/clk_out1 | design_1_i/project_mvp_top_0/inst/u_compute/u_checker/exp_A0_reg[167]0     | design_1_i/project_mvp_top_0/inst/u_compute/u_checker/SR[0]                       |                7 |             17 |
|  design_1_i/clk_wiz_0/inst/clk_out1 | design_1_i/project_mvp_top_0/inst/u_compute/u_checker/exp_A0_reg[168]0     | design_1_i/project_mvp_top_0/inst/u_compute/u_checker/SR[0]                       |                6 |             17 |
|  design_1_i/clk_wiz_0/inst/clk_out1 | design_1_i/project_mvp_top_0/inst/u_compute/u_checker/exp_A0_reg[158]0     | design_1_i/project_mvp_top_0/inst/u_compute/u_checker/SR[0]                       |                9 |             17 |
|  design_1_i/clk_wiz_0/inst/clk_out1 | design_1_i/project_mvp_top_0/inst/u_compute/u_checker/exp_A0_reg[183]0     | design_1_i/project_mvp_top_0/inst/u_compute/u_checker/SR[0]                       |                7 |             17 |
|  design_1_i/clk_wiz_0/inst/clk_out1 | design_1_i/project_mvp_top_0/inst/u_compute/u_checker/exp_A0_reg[128]0     | design_1_i/project_mvp_top_0/inst/u_compute/u_checker/SR[0]                       |                7 |             17 |
|  design_1_i/clk_wiz_0/inst/clk_out1 | design_1_i/project_mvp_top_0/inst/u_compute/u_checker/exp_A0_reg[136]0     | design_1_i/project_mvp_top_0/inst/u_compute/u_checker/SR[0]                       |                8 |             17 |
|  design_1_i/clk_wiz_0/inst/clk_out1 | design_1_i/project_mvp_top_0/inst/u_compute/u_checker/exp_A0_reg[144]0     | design_1_i/project_mvp_top_0/inst/u_compute/u_checker/SR[0]                       |                7 |             17 |
|  design_1_i/clk_wiz_0/inst/clk_out1 | design_1_i/project_mvp_top_0/inst/u_compute/u_checker/exp_A0_reg[150]0     | design_1_i/project_mvp_top_0/inst/u_compute/u_checker/SR[0]                       |                7 |             17 |
|  design_1_i/clk_wiz_0/inst/clk_out1 | design_1_i/project_mvp_top_0/inst/u_compute/u_checker/exp_A0_reg[153]0     | design_1_i/project_mvp_top_0/inst/u_compute/u_checker/SR[0]                       |                7 |             17 |
|  design_1_i/clk_wiz_0/inst/clk_out1 | design_1_i/project_mvp_top_0/inst/u_compute/u_checker/exp_A0_reg[154]0     | design_1_i/project_mvp_top_0/inst/u_compute/u_checker/SR[0]                       |                7 |             17 |
|  design_1_i/clk_wiz_0/inst/clk_out1 | design_1_i/project_mvp_top_0/inst/u_compute/u_checker/exp_A0_reg[146]0     | design_1_i/project_mvp_top_0/inst/u_compute/u_checker/SR[0]                       |                8 |             17 |
|  design_1_i/clk_wiz_0/inst/clk_out1 | design_1_i/project_mvp_top_0/inst/u_compute/u_checker/exp_A0_reg[162]0     | design_1_i/project_mvp_top_0/inst/u_compute/u_checker/SR[0]                       |                8 |             17 |
|  design_1_i/clk_wiz_0/inst/clk_out1 | design_1_i/project_mvp_top_0/inst/u_compute/u_checker/exp_A0_reg[16]0      | design_1_i/project_mvp_top_0/inst/u_compute/u_checker/SR[0]                       |                6 |             17 |
|  design_1_i/clk_wiz_0/inst/clk_out1 | design_1_i/project_mvp_top_0/inst/u_compute/u_checker/exp_A0_reg[143]0     | design_1_i/project_mvp_top_0/inst/u_compute/u_checker/SR[0]                       |               11 |             17 |
|  design_1_i/clk_wiz_0/inst/clk_out1 | design_1_i/project_mvp_top_0/inst/u_compute/u_checker/exp_A0_reg[177]0     | design_1_i/project_mvp_top_0/inst/u_compute/u_checker/SR[0]                       |               10 |             17 |
|  design_1_i/clk_wiz_0/inst/clk_out1 | design_1_i/project_mvp_top_0/inst/u_compute/u_checker/exp_A0_reg[148]0     | design_1_i/project_mvp_top_0/inst/u_compute/u_checker/SR[0]                       |                3 |             17 |
|  design_1_i/clk_wiz_0/inst/clk_out1 | design_1_i/project_mvp_top_0/inst/u_compute/u_checker/exp_A0_reg[14]0      | design_1_i/project_mvp_top_0/inst/u_compute/u_checker/SR[0]                       |                6 |             17 |
|  design_1_i/clk_wiz_0/inst/clk_out1 | design_1_i/project_mvp_top_0/inst/u_compute/u_checker/exp_A0_reg[149]0     | design_1_i/project_mvp_top_0/inst/u_compute/u_checker/SR[0]                       |                4 |             17 |
|  design_1_i/clk_wiz_0/inst/clk_out1 | design_1_i/project_mvp_top_0/inst/u_compute/u_checker/exp_A0_reg[156]0     | design_1_i/project_mvp_top_0/inst/u_compute/u_checker/SR[0]                       |                6 |             17 |
|  design_1_i/clk_wiz_0/inst/clk_out1 | design_1_i/project_mvp_top_0/inst/u_compute/u_checker/exp_A0_reg[145]0     | design_1_i/project_mvp_top_0/inst/u_compute/u_checker/SR[0]                       |                8 |             17 |
|  design_1_i/clk_wiz_0/inst/clk_out1 | design_1_i/project_mvp_top_0/inst/u_compute/u_checker/exp_A0_reg[170]0     | design_1_i/project_mvp_top_0/inst/u_compute/u_checker/SR[0]                       |               11 |             17 |
|  design_1_i/clk_wiz_0/inst/clk_out1 | design_1_i/project_mvp_top_0/inst/u_compute/u_checker/exp_A0_reg[171]0     | design_1_i/project_mvp_top_0/inst/u_compute/u_checker/SR[0]                       |                6 |             17 |
|  design_1_i/clk_wiz_0/inst/clk_out1 | design_1_i/project_mvp_top_0/inst/u_compute/u_checker/exp_A0_reg[129]0     | design_1_i/project_mvp_top_0/inst/u_compute/u_checker/SR[0]                       |                9 |             17 |
|  design_1_i/clk_wiz_0/inst/clk_out1 | design_1_i/project_mvp_top_0/inst/u_compute/u_checker/exp_A0_reg[142]0     | design_1_i/project_mvp_top_0/inst/u_compute/u_checker/SR[0]                       |                7 |             17 |
|  design_1_i/clk_wiz_0/inst/clk_out1 | design_1_i/project_mvp_top_0/inst/u_compute/u_checker/exp_A0_reg[175]0     | design_1_i/project_mvp_top_0/inst/u_compute/u_checker/SR[0]                       |               14 |             17 |
|  design_1_i/clk_wiz_0/inst/clk_out1 | design_1_i/project_mvp_top_0/inst/u_compute/u_checker/exp_A0_reg[130]0     | design_1_i/project_mvp_top_0/inst/u_compute/u_checker/SR[0]                       |                7 |             17 |
|  design_1_i/clk_wiz_0/inst/clk_out1 | design_1_i/project_mvp_top_0/inst/u_compute/u_checker/exp_A0_reg[147]0     | design_1_i/project_mvp_top_0/inst/u_compute/u_checker/SR[0]                       |                3 |             17 |
|  design_1_i/clk_wiz_0/inst/clk_out1 | design_1_i/project_mvp_top_0/inst/u_compute/u_checker/exp_A0_reg[159]0     | design_1_i/project_mvp_top_0/inst/u_compute/u_checker/SR[0]                       |               10 |             17 |
|  design_1_i/clk_wiz_0/inst/clk_out1 | design_1_i/project_mvp_top_0/inst/u_compute/u_checker/exp_A0_reg[15]0      | design_1_i/project_mvp_top_0/inst/u_compute/u_checker/SR[0]                       |                4 |             17 |
|  design_1_i/clk_wiz_0/inst/clk_out1 | design_1_i/project_mvp_top_0/inst/u_compute/u_checker/exp_A0_reg[166]0     | design_1_i/project_mvp_top_0/inst/u_compute/u_checker/SR[0]                       |               11 |             17 |
|  design_1_i/clk_wiz_0/inst/clk_out1 | design_1_i/project_mvp_top_0/inst/u_compute/u_checker/exp_A0_reg[137]0     | design_1_i/project_mvp_top_0/inst/u_compute/u_checker/SR[0]                       |                6 |             17 |
|  design_1_i/clk_wiz_0/inst/clk_out1 | design_1_i/project_mvp_top_0/inst/u_compute/u_checker/exp_A0_reg[138]0     | design_1_i/project_mvp_top_0/inst/u_compute/u_checker/SR[0]                       |                5 |             17 |
|  design_1_i/clk_wiz_0/inst/clk_out1 | design_1_i/project_mvp_top_0/inst/u_compute/u_checker/exp_A0_reg[140]0     | design_1_i/project_mvp_top_0/inst/u_compute/u_checker/SR[0]                       |                5 |             17 |
|  design_1_i/clk_wiz_0/inst/clk_out1 | design_1_i/project_mvp_top_0/inst/u_compute/u_checker/exp_A0_reg[141]0     | design_1_i/project_mvp_top_0/inst/u_compute/u_checker/SR[0]                       |               10 |             17 |
|  design_1_i/clk_wiz_0/inst/clk_out1 | design_1_i/project_mvp_top_0/inst/u_compute/u_checker/exp_A0_reg[169]0     | design_1_i/project_mvp_top_0/inst/u_compute/u_checker/SR[0]                       |                6 |             17 |
|  design_1_i/clk_wiz_0/inst/clk_out1 | design_1_i/project_mvp_top_0/inst/u_compute/u_checker/exp_A0_reg[173]0     | design_1_i/project_mvp_top_0/inst/u_compute/u_checker/SR[0]                       |               10 |             17 |
|  design_1_i/clk_wiz_0/inst/clk_out1 | design_1_i/project_mvp_top_0/inst/u_compute/u_checker/exp_A0_reg[178]0     | design_1_i/project_mvp_top_0/inst/u_compute/u_checker/SR[0]                       |               15 |             17 |
|  design_1_i/clk_wiz_0/inst/clk_out1 | design_1_i/project_mvp_top_0/inst/u_compute/u_checker/exp_A0_reg[179]0     | design_1_i/project_mvp_top_0/inst/u_compute/u_checker/SR[0]                       |                8 |             17 |
|  design_1_i/clk_wiz_0/inst/clk_out1 | design_1_i/project_mvp_top_0/inst/u_compute/u_checker/exp_A0_reg[17]0      | design_1_i/project_mvp_top_0/inst/u_compute/u_checker/SR[0]                       |                3 |             17 |
|  design_1_i/clk_wiz_0/inst/clk_out1 | design_1_i/project_mvp_top_0/inst/u_compute/u_checker/exp_A0_reg[155]0     | design_1_i/project_mvp_top_0/inst/u_compute/u_checker/SR[0]                       |                8 |             17 |
|  design_1_i/clk_wiz_0/inst/clk_out1 | design_1_i/project_mvp_top_0/inst/u_compute/u_checker/exp_A0_reg[13]0      | design_1_i/project_mvp_top_0/inst/u_compute/u_checker/SR[0]                       |                6 |             17 |
|  design_1_i/clk_wiz_0/inst/clk_out1 | design_1_i/project_mvp_top_0/inst/u_compute/u_checker/exp_A0_reg[180]0     | design_1_i/project_mvp_top_0/inst/u_compute/u_checker/SR[0]                       |               10 |             17 |
|  design_1_i/clk_wiz_0/inst/clk_out1 | design_1_i/project_mvp_top_0/inst/u_compute/u_checker/exp_A0_reg[184]0     | design_1_i/project_mvp_top_0/inst/u_compute/u_checker/SR[0]                       |                9 |             17 |
|  design_1_i/clk_wiz_0/inst/clk_out1 | design_1_i/project_mvp_top_0/inst/u_compute/u_checker/exp_A0_reg[185]0     | design_1_i/project_mvp_top_0/inst/u_compute/u_checker/SR[0]                       |                7 |             17 |
|  design_1_i/clk_wiz_0/inst/clk_out1 | design_1_i/project_mvp_top_0/inst/u_compute/u_checker/exp_A0_reg[133]0     | design_1_i/project_mvp_top_0/inst/u_compute/u_checker/SR[0]                       |                5 |             17 |
|  design_1_i/clk_wiz_0/inst/clk_out1 | design_1_i/project_mvp_top_0/inst/u_compute/u_checker/exp_A0_reg[12]0      | design_1_i/project_mvp_top_0/inst/u_compute/u_checker/SR[0]                       |                8 |             17 |
|  design_1_i/clk_wiz_0/inst/clk_out1 | design_1_i/project_mvp_top_0/inst/u_compute/u_checker/exp_A0_reg[131]0     | design_1_i/project_mvp_top_0/inst/u_compute/u_checker/SR[0]                       |                7 |             17 |
|  design_1_i/clk_wiz_0/inst/clk_out1 | design_1_i/project_mvp_top_0/inst/u_compute/u_checker/exp_A0_reg[151]0     | design_1_i/project_mvp_top_0/inst/u_compute/u_checker/SR[0]                       |                4 |             17 |
|  design_1_i/clk_wiz_0/inst/clk_out1 | design_1_i/project_mvp_top_0/inst/u_compute/u_checker/exp_A0_reg[157]0     | design_1_i/project_mvp_top_0/inst/u_compute/u_checker/SR[0]                       |                8 |             17 |
|  design_1_i/clk_wiz_0/inst/clk_out1 | design_1_i/project_mvp_top_0/inst/u_compute/u_checker/exp_A0_reg[161]0     | design_1_i/project_mvp_top_0/inst/u_compute/u_checker/SR[0]                       |                8 |             17 |
|  design_1_i/clk_wiz_0/inst/clk_out1 | design_1_i/project_mvp_top_0/inst/u_compute/u_checker/exp_A0_reg[195]0     | design_1_i/project_mvp_top_0/inst/u_compute/u_checker/SR[0]                       |                6 |             17 |
|  design_1_i/clk_wiz_0/inst/clk_out1 | design_1_i/project_mvp_top_0/inst/u_compute/u_checker/exp_A0_reg[24]0      | design_1_i/project_mvp_top_0/inst/u_compute/u_checker/SR[0]                       |                5 |             17 |
|  design_1_i/clk_wiz_0/inst/clk_out1 | design_1_i/project_mvp_top_0/inst/u_compute/u_checker/exp_A0_reg[33]0      | design_1_i/project_mvp_top_0/inst/u_compute/u_checker/SR[0]                       |                6 |             17 |
|  design_1_i/clk_wiz_0/inst/clk_out1 | design_1_i/project_mvp_top_0/inst/u_compute/u_checker/exp_A0_reg[34]0      | design_1_i/project_mvp_top_0/inst/u_compute/u_checker/SR[0]                       |                3 |             17 |
|  design_1_i/clk_wiz_0/inst/clk_out1 | design_1_i/project_mvp_top_0/inst/u_compute/u_checker/exp_A0_reg[186]0     | design_1_i/project_mvp_top_0/inst/u_compute/u_checker/SR[0]                       |               10 |             17 |
|  design_1_i/clk_wiz_0/inst/clk_out1 | design_1_i/project_mvp_top_0/inst/u_compute/u_checker/exp_A0_reg[1]0       | design_1_i/project_mvp_top_0/inst/u_compute/u_checker/SR[0]                       |                6 |             17 |
|  design_1_i/clk_wiz_0/inst/clk_out1 | design_1_i/project_mvp_top_0/inst/u_compute/u_checker/exp_A0_reg[37]0      | design_1_i/project_mvp_top_0/inst/u_compute/u_checker/SR[0]                       |                7 |             17 |
|  design_1_i/clk_wiz_0/inst/clk_out1 | design_1_i/project_mvp_top_0/inst/u_compute/u_checker/exp_A0_reg[2]0       | design_1_i/project_mvp_top_0/inst/u_compute/u_checker/SR[0]                       |                6 |             17 |
|  design_1_i/clk_wiz_0/inst/clk_out1 | design_1_i/project_mvp_top_0/inst/u_compute/u_checker/exp_A0_reg[188]0     | design_1_i/project_mvp_top_0/inst/u_compute/u_checker/SR[0]                       |               11 |             17 |
|  design_1_i/clk_wiz_0/inst/clk_out1 | design_1_i/project_mvp_top_0/inst/u_compute/u_checker/exp_A0_reg[27]0      | design_1_i/project_mvp_top_0/inst/u_compute/u_checker/SR[0]                       |                5 |             17 |
|  design_1_i/clk_wiz_0/inst/clk_out1 | design_1_i/project_mvp_top_0/inst/u_compute/u_checker/exp_A0_reg[190]0     | design_1_i/project_mvp_top_0/inst/u_compute/u_checker/SR[0]                       |                7 |             17 |
|  design_1_i/clk_wiz_0/inst/clk_out1 | design_1_i/project_mvp_top_0/inst/u_compute/u_checker/exp_A0_reg[22]0      | design_1_i/project_mvp_top_0/inst/u_compute/u_checker/SR[0]                       |                3 |             17 |
|  design_1_i/clk_wiz_0/inst/clk_out1 | design_1_i/project_mvp_top_0/inst/u_compute/u_checker/exp_A0_reg[189]0     | design_1_i/project_mvp_top_0/inst/u_compute/u_checker/SR[0]                       |               11 |             17 |
|  design_1_i/clk_wiz_0/inst/clk_out1 | design_1_i/project_mvp_top_0/inst/u_compute/u_checker/exp_A0_reg[196]0     | design_1_i/project_mvp_top_0/inst/u_compute/u_checker/SR[0]                       |                8 |             17 |
|  design_1_i/clk_wiz_0/inst/clk_out1 | design_1_i/project_mvp_top_0/inst/u_compute/u_checker/exp_A0_reg[29]0      | design_1_i/project_mvp_top_0/inst/u_compute/u_checker/SR[0]                       |                9 |             17 |
|  design_1_i/clk_wiz_0/inst/clk_out1 | design_1_i/project_mvp_top_0/inst/u_compute/u_checker/exp_A0_reg[21]0      | design_1_i/project_mvp_top_0/inst/u_compute/u_checker/SR[0]                       |                3 |             17 |
|  design_1_i/clk_wiz_0/inst/clk_out1 | design_1_i/project_mvp_top_0/inst/u_compute/u_checker/exp_A0_reg[3]0       | design_1_i/project_mvp_top_0/inst/u_compute/u_checker/SR[0]                       |                7 |             17 |
|  design_1_i/clk_wiz_0/inst/clk_out1 | design_1_i/project_mvp_top_0/inst/u_compute/u_checker/exp_A0_reg[40]0      | design_1_i/project_mvp_top_0/inst/u_compute/u_checker/SR[0]                       |                5 |             17 |
|  design_1_i/clk_wiz_0/inst/clk_out1 | design_1_i/project_mvp_top_0/inst/u_compute/u_checker/exp_A0_reg[44]0      | design_1_i/project_mvp_top_0/inst/u_compute/u_checker/SR[0]                       |                5 |             17 |
|  design_1_i/clk_wiz_0/inst/clk_out1 | design_1_i/project_mvp_top_0/inst/u_compute/u_checker/exp_A0_reg[46]0      | design_1_i/project_mvp_top_0/inst/u_compute/u_checker/SR[0]                       |                7 |             17 |
|  design_1_i/clk_wiz_0/inst/clk_out1 | design_1_i/project_mvp_top_0/inst/u_compute/u_checker/exp_A0_reg[187]0     | design_1_i/project_mvp_top_0/inst/u_compute/u_checker/SR[0]                       |                6 |             17 |
|  design_1_i/clk_wiz_0/inst/clk_out1 | design_1_i/project_mvp_top_0/inst/u_compute/u_checker/exp_A0_reg[198]0     | design_1_i/project_mvp_top_0/inst/u_compute/u_checker/SR[0]                       |                7 |             17 |
|  design_1_i/clk_wiz_0/inst/clk_out1 | design_1_i/project_mvp_top_0/inst/u_compute/u_checker/exp_A0_reg[49]0      | design_1_i/project_mvp_top_0/inst/u_compute/u_checker/SR[0]                       |                7 |             17 |
|  design_1_i/clk_wiz_0/inst/clk_out1 | design_1_i/project_mvp_top_0/inst/u_compute/u_checker/exp_A0_reg[35]0      | design_1_i/project_mvp_top_0/inst/u_compute/u_checker/SR[0]                       |                5 |             17 |
|  design_1_i/clk_wiz_0/inst/clk_out1 | design_1_i/project_mvp_top_0/inst/u_compute/u_checker/exp_A0_reg[50]0      | design_1_i/project_mvp_top_0/inst/u_compute/u_checker/SR[0]                       |                6 |             17 |
|  design_1_i/clk_wiz_0/inst/clk_out1 | design_1_i/project_mvp_top_0/inst/u_compute/u_checker/exp_A0_reg[51]0      | design_1_i/project_mvp_top_0/inst/u_compute/u_checker/SR[0]                       |                8 |             17 |
|  design_1_i/clk_wiz_0/inst/clk_out1 | design_1_i/project_mvp_top_0/inst/u_compute/u_checker/exp_A0_reg[52]0      | design_1_i/project_mvp_top_0/inst/u_compute/u_checker/SR[0]                       |                7 |             17 |
|  design_1_i/clk_wiz_0/inst/clk_out1 | design_1_i/project_mvp_top_0/inst/u_compute/u_checker/exp_A0_reg[25]0      | design_1_i/project_mvp_top_0/inst/u_compute/u_checker/SR[0]                       |                5 |             17 |
|  design_1_i/clk_wiz_0/inst/clk_out1 | design_1_i/project_mvp_top_0/inst/u_compute/u_checker/exp_A0_reg[39]0      | design_1_i/project_mvp_top_0/inst/u_compute/u_checker/SR[0]                       |                7 |             17 |
|  design_1_i/clk_wiz_0/inst/clk_out1 | design_1_i/project_mvp_top_0/inst/u_compute/u_checker/exp_A0_reg[197]0     | design_1_i/project_mvp_top_0/inst/u_compute/u_checker/SR[0]                       |                7 |             17 |
|  design_1_i/clk_wiz_0/inst/clk_out1 | design_1_i/project_mvp_top_0/inst/u_compute/u_checker/exp_A0_reg[38]0      | design_1_i/project_mvp_top_0/inst/u_compute/u_checker/SR[0]                       |                6 |             17 |
|  design_1_i/clk_wiz_0/inst/clk_out1 | design_1_i/project_mvp_top_0/inst/u_compute/u_checker/exp_A0_reg[47]0      | design_1_i/project_mvp_top_0/inst/u_compute/u_checker/SR[0]                       |                8 |             17 |
|  design_1_i/clk_wiz_0/inst/clk_out1 | design_1_i/project_mvp_top_0/inst/u_compute/u_checker/exp_A0_reg[4]0       | design_1_i/project_mvp_top_0/inst/u_compute/u_checker/SR[0]                       |                7 |             17 |
|  design_1_i/clk_wiz_0/inst/clk_out1 | design_1_i/project_mvp_top_0/inst/u_compute/u_checker/exp_A0_reg[19]0      | design_1_i/project_mvp_top_0/inst/u_compute/u_checker/SR[0]                       |                6 |             17 |
|  design_1_i/clk_wiz_0/inst/clk_out1 | design_1_i/project_mvp_top_0/inst/u_compute/u_checker/exp_A0_reg[55]0      | design_1_i/project_mvp_top_0/inst/u_compute/u_checker/SR[0]                       |                6 |             17 |
|  design_1_i/clk_wiz_0/inst/clk_out1 | design_1_i/project_mvp_top_0/inst/u_compute/u_checker/exp_A0_reg[57]0      | design_1_i/project_mvp_top_0/inst/u_compute/u_checker/SR[0]                       |                3 |             17 |
|  design_1_i/clk_wiz_0/inst/clk_out1 | design_1_i/project_mvp_top_0/inst/u_compute/u_checker/exp_A0_reg[48]0      | design_1_i/project_mvp_top_0/inst/u_compute/u_checker/SR[0]                       |                5 |             17 |
|  design_1_i/clk_wiz_0/inst/clk_out1 | design_1_i/project_mvp_top_0/inst/u_compute/u_checker/exp_A0_reg[18]0      | design_1_i/project_mvp_top_0/inst/u_compute/u_checker/SR[0]                       |                4 |             17 |
|  design_1_i/clk_wiz_0/inst/clk_out1 | design_1_i/project_mvp_top_0/inst/u_compute/u_checker/exp_A0_reg[194]0     | design_1_i/project_mvp_top_0/inst/u_compute/u_checker/SR[0]                       |                4 |             17 |
|  design_1_i/clk_wiz_0/inst/clk_out1 | design_1_i/project_mvp_top_0/inst/u_compute/u_checker/exp_A0_reg[199]0     | design_1_i/project_mvp_top_0/inst/u_compute/u_checker/SR[0]                       |               10 |             17 |
|  design_1_i/clk_wiz_0/inst/clk_out1 | design_1_i/project_mvp_top_0/inst/u_compute/u_checker/exp_A0_reg[193]0     | design_1_i/project_mvp_top_0/inst/u_compute/u_checker/SR[0]                       |               10 |             17 |
|  design_1_i/clk_wiz_0/inst/clk_out1 | design_1_i/project_mvp_top_0/inst/u_compute/u_checker/exp_A0_reg[30]0      | design_1_i/project_mvp_top_0/inst/u_compute/u_checker/SR[0]                       |               12 |             17 |
|  design_1_i/clk_wiz_0/inst/clk_out1 | design_1_i/project_mvp_top_0/inst/u_compute/u_checker/exp_A0_reg[58]0      | design_1_i/project_mvp_top_0/inst/u_compute/u_checker/SR[0]                       |                5 |             17 |
|  design_1_i/clk_wiz_0/inst/clk_out1 | design_1_i/project_mvp_top_0/inst/u_compute/u_checker/exp_A0_reg[59]0      | design_1_i/project_mvp_top_0/inst/u_compute/u_checker/SR[0]                       |                5 |             17 |
|  design_1_i/clk_wiz_0/inst/clk_out1 | design_1_i/project_mvp_top_0/inst/u_compute/u_checker/exp_A0_reg[60]0      | design_1_i/project_mvp_top_0/inst/u_compute/u_checker/SR[0]                       |                8 |             17 |
|  design_1_i/clk_wiz_0/inst/clk_out1 | design_1_i/project_mvp_top_0/inst/u_compute/u_checker/exp_A0_reg[192]0     | design_1_i/project_mvp_top_0/inst/u_compute/u_checker/SR[0]                       |                7 |             17 |
|  design_1_i/clk_wiz_0/inst/clk_out1 | design_1_i/project_mvp_top_0/inst/u_compute/u_checker/exp_A0_reg[53]0      | design_1_i/project_mvp_top_0/inst/u_compute/u_checker/SR[0]                       |                4 |             17 |
|  design_1_i/clk_wiz_0/inst/clk_out1 | design_1_i/project_mvp_top_0/inst/u_compute/u_checker/exp_A0_reg[41]0      | design_1_i/project_mvp_top_0/inst/u_compute/u_checker/SR[0]                       |                6 |             17 |
|  design_1_i/clk_wiz_0/inst/clk_out1 | design_1_i/project_mvp_top_0/inst/u_compute/u_checker/exp_A0_reg[31]0      | design_1_i/project_mvp_top_0/inst/u_compute/u_checker/SR[0]                       |                8 |             17 |
|  design_1_i/clk_wiz_0/inst/clk_out1 | design_1_i/project_mvp_top_0/inst/u_compute/u_checker/exp_A0_reg[54]0      | design_1_i/project_mvp_top_0/inst/u_compute/u_checker/SR[0]                       |                9 |             17 |
|  design_1_i/clk_wiz_0/inst/clk_out1 | design_1_i/project_mvp_top_0/inst/u_compute/u_checker/exp_A0_reg[23]0      | design_1_i/project_mvp_top_0/inst/u_compute/u_checker/SR[0]                       |                4 |             17 |
|  design_1_i/clk_wiz_0/inst/clk_out1 | design_1_i/project_mvp_top_0/inst/u_compute/u_checker/exp_A0_reg[42]0      | design_1_i/project_mvp_top_0/inst/u_compute/u_checker/SR[0]                       |                7 |             17 |
|  design_1_i/clk_wiz_0/inst/clk_out1 | design_1_i/project_mvp_top_0/inst/u_compute/u_checker/exp_A0_reg[56]0      | design_1_i/project_mvp_top_0/inst/u_compute/u_checker/SR[0]                       |                5 |             17 |
|  design_1_i/clk_wiz_0/inst/clk_out1 | design_1_i/project_mvp_top_0/inst/u_compute/u_checker/exp_A0_reg[28]0      | design_1_i/project_mvp_top_0/inst/u_compute/u_checker/SR[0]                       |                6 |             17 |
|  design_1_i/clk_wiz_0/inst/clk_out1 | design_1_i/project_mvp_top_0/inst/u_compute/u_checker/exp_A0_reg[26]0      | design_1_i/project_mvp_top_0/inst/u_compute/u_checker/SR[0]                       |                6 |             17 |
|  design_1_i/clk_wiz_0/inst/clk_out1 | design_1_i/project_mvp_top_0/inst/u_compute/u_checker/exp_A0_reg[43]0      | design_1_i/project_mvp_top_0/inst/u_compute/u_checker/SR[0]                       |                7 |             17 |
|  design_1_i/clk_wiz_0/inst/clk_out1 | design_1_i/project_mvp_top_0/inst/u_compute/u_checker/exp_A0_reg[5]0       | design_1_i/project_mvp_top_0/inst/u_compute/u_checker/SR[0]                       |                7 |             17 |
|  design_1_i/clk_wiz_0/inst/clk_out1 | design_1_i/project_mvp_top_0/inst/u_compute/u_checker/exp_A0_reg[61]0      | design_1_i/project_mvp_top_0/inst/u_compute/u_checker/SR[0]                       |                8 |             17 |
|  design_1_i/clk_wiz_0/inst/clk_out1 | design_1_i/project_mvp_top_0/inst/u_compute/u_checker/exp_A0_reg[62]0      | design_1_i/project_mvp_top_0/inst/u_compute/u_checker/SR[0]                       |               10 |             17 |
|  design_1_i/clk_wiz_0/inst/clk_out1 | design_1_i/project_mvp_top_0/inst/u_compute/u_checker/exp_A0_reg[20]0      | design_1_i/project_mvp_top_0/inst/u_compute/u_checker/SR[0]                       |                4 |             17 |
|  design_1_i/clk_wiz_0/inst/clk_out1 | design_1_i/project_mvp_top_0/inst/u_compute/u_checker/exp_A0_reg[32]0      | design_1_i/project_mvp_top_0/inst/u_compute/u_checker/SR[0]                       |                5 |             17 |
|  design_1_i/clk_wiz_0/inst/clk_out1 | design_1_i/project_mvp_top_0/inst/u_compute/u_checker/exp_A0_reg[191]0     | design_1_i/project_mvp_top_0/inst/u_compute/u_checker/SR[0]                       |               14 |             17 |
|  design_1_i/clk_wiz_0/inst/clk_out1 | design_1_i/project_mvp_top_0/inst/u_compute/u_checker/exp_A0_reg[36]0      | design_1_i/project_mvp_top_0/inst/u_compute/u_checker/SR[0]                       |                3 |             17 |
|  design_1_i/clk_wiz_0/inst/clk_out1 | design_1_i/project_mvp_top_0/inst/u_compute/u_checker/exp_A0_reg[65]0      | design_1_i/project_mvp_top_0/inst/u_compute/u_checker/SR[0]                       |                9 |             17 |
|  design_1_i/clk_wiz_0/inst/clk_out1 | design_1_i/project_mvp_top_0/inst/u_compute/u_checker/exp_A0_reg[67]0      | design_1_i/project_mvp_top_0/inst/u_compute/u_checker/SR[0]                       |                5 |             17 |
|  design_1_i/clk_wiz_0/inst/clk_out1 | design_1_i/project_mvp_top_0/inst/u_compute/u_checker/exp_A0_reg[71]0      | design_1_i/project_mvp_top_0/inst/u_compute/u_checker/SR[0]                       |               11 |             17 |
|  design_1_i/clk_wiz_0/inst/clk_out1 | design_1_i/project_mvp_top_0/inst/u_compute/u_checker/exp_A0_reg[6]0       | design_1_i/project_mvp_top_0/inst/u_compute/u_checker/SR[0]                       |                5 |             17 |
|  design_1_i/clk_wiz_0/inst/clk_out1 | design_1_i/project_mvp_top_0/inst/u_compute/u_checker/exp_A0_reg[98]0      | design_1_i/project_mvp_top_0/inst/u_compute/u_checker/SR[0]                       |               13 |             17 |
|  design_1_i/clk_wiz_0/inst/clk_out1 | design_1_i/project_mvp_top_0/inst/u_compute/u_checker/exp_A0_reg[66]0      | design_1_i/project_mvp_top_0/inst/u_compute/u_checker/SR[0]                       |                9 |             17 |
|  design_1_i/clk_wiz_0/inst/clk_out1 | design_1_i/project_mvp_top_0/inst/u_compute/u_checker/exp_A0_reg[8]0       | design_1_i/project_mvp_top_0/inst/u_compute/u_checker/SR[0]                       |                9 |             17 |
|  design_1_i/clk_wiz_0/inst/clk_out1 | design_1_i/project_mvp_top_0/inst/u_compute/u_checker/exp_A0_reg[90]0      | design_1_i/project_mvp_top_0/inst/u_compute/u_checker/SR[0]                       |                9 |             17 |
|  design_1_i/clk_wiz_0/inst/clk_out1 | design_1_i/project_mvp_top_0/inst/u_compute/u_checker/exp_A0_reg[73]0      | design_1_i/project_mvp_top_0/inst/u_compute/u_checker/SR[0]                       |                6 |             17 |
|  design_1_i/clk_wiz_0/inst/clk_out1 | design_1_i/project_mvp_top_0/inst/u_compute/u_checker/exp_A0_reg[82]0      | design_1_i/project_mvp_top_0/inst/u_compute/u_checker/SR[0]                       |                6 |             17 |
|  design_1_i/clk_wiz_0/inst/clk_out1 | design_1_i/project_mvp_top_0/inst/u_compute/u_checker/exp_A0_reg[87]0      | design_1_i/project_mvp_top_0/inst/u_compute/u_checker/SR[0]                       |                6 |             17 |
|  design_1_i/clk_wiz_0/inst/clk_out1 | design_1_i/project_mvp_top_0/inst/u_compute/u_checker/exp_A0_reg[75]0      | design_1_i/project_mvp_top_0/inst/u_compute/u_checker/SR[0]                       |                7 |             17 |
|  design_1_i/clk_wiz_0/inst/clk_out1 | design_1_i/project_mvp_top_0/inst/u_compute/u_checker/exp_A0_reg[77]0      | design_1_i/project_mvp_top_0/inst/u_compute/u_checker/SR[0]                       |               12 |             17 |
|  design_1_i/clk_wiz_0/inst/clk_out1 | design_1_i/project_mvp_top_0/inst/u_compute/u_checker/exp_A0_reg[7]0       | design_1_i/project_mvp_top_0/inst/u_compute/u_checker/SR[0]                       |               11 |             17 |
|  design_1_i/clk_wiz_0/inst/clk_out1 | design_1_i/project_mvp_top_0/inst/u_compute/u_checker/exp_A0_reg[83]0      | design_1_i/project_mvp_top_0/inst/u_compute/u_checker/SR[0]                       |                7 |             17 |
|  design_1_i/clk_wiz_0/inst/clk_out1 | design_1_i/project_mvp_top_0/inst/u_compute/u_checker/exp_A0_reg[86]0      | design_1_i/project_mvp_top_0/inst/u_compute/u_checker/SR[0]                       |                4 |             17 |
|  design_1_i/clk_wiz_0/inst/clk_out1 | design_1_i/project_mvp_top_0/inst/u_compute/u_checker/exp_A0_reg[69]0      | design_1_i/project_mvp_top_0/inst/u_compute/u_checker/SR[0]                       |                9 |             17 |
|  design_1_i/clk_wiz_0/inst/clk_out1 | design_1_i/project_mvp_top_0/inst/u_compute/u_checker/exp_A0_reg[89]0      | design_1_i/project_mvp_top_0/inst/u_compute/u_checker/SR[0]                       |                9 |             17 |
|  design_1_i/clk_wiz_0/inst/clk_out1 | design_1_i/project_mvp_top_0/inst/u_compute/u_checker/exp_A0_reg[93]0      | design_1_i/project_mvp_top_0/inst/u_compute/u_checker/SR[0]                       |                8 |             17 |
|  design_1_i/clk_wiz_0/inst/clk_out1 | design_1_i/project_mvp_top_0/inst/u_compute/u_checker/exp_A0_reg[94]0      | design_1_i/project_mvp_top_0/inst/u_compute/u_checker/SR[0]                       |               10 |             17 |
|  design_1_i/clk_wiz_0/inst/clk_out1 | design_1_i/project_mvp_top_0/inst/u_compute/u_checker/exp_A0_reg[95]0      | design_1_i/project_mvp_top_0/inst/u_compute/u_checker/SR[0]                       |               11 |             17 |
|  design_1_i/clk_wiz_0/inst/clk_out1 | design_1_i/project_mvp_top_0/inst/u_compute/u_checker/exp_A0_reg[63]0      | design_1_i/project_mvp_top_0/inst/u_compute/u_checker/SR[0]                       |                9 |             17 |
|  design_1_i/clk_wiz_0/inst/clk_out1 | design_1_i/project_mvp_top_0/inst/u_compute/u_checker/exp_A0_reg[96]0      | design_1_i/project_mvp_top_0/inst/u_compute/u_checker/SR[0]                       |                5 |             17 |
|  design_1_i/clk_wiz_0/inst/clk_out1 | design_1_i/project_mvp_top_0/inst/u_compute/u_checker/exp_A0_reg[64]0      | design_1_i/project_mvp_top_0/inst/u_compute/u_checker/SR[0]                       |                5 |             17 |
|  design_1_i/clk_wiz_0/inst/clk_out1 | design_1_i/project_mvp_top_0/inst/u_compute/u_checker/exp_A0_reg[84]0      | design_1_i/project_mvp_top_0/inst/u_compute/u_checker/SR[0]                       |                6 |             17 |
|  design_1_i/clk_wiz_0/inst/clk_out1 | design_1_i/project_mvp_top_0/inst/u_compute/u_checker/exp_A0_reg[91]0      | design_1_i/project_mvp_top_0/inst/u_compute/u_checker/SR[0]                       |                6 |             17 |
|  design_1_i/clk_wiz_0/inst/clk_out1 | design_1_i/project_mvp_top_0/inst/u_compute/u_checker/exp_A0_reg[85]0      | design_1_i/project_mvp_top_0/inst/u_compute/u_checker/SR[0]                       |                5 |             17 |
|  design_1_i/clk_wiz_0/inst/clk_out1 | design_1_i/project_mvp_top_0/inst/u_compute/u_checker/exp_A0_reg[45]0      | design_1_i/project_mvp_top_0/inst/u_compute/u_checker/SR[0]                       |                3 |             17 |
|  design_1_i/clk_wiz_0/inst/clk_out1 | design_1_i/project_mvp_top_0/inst/u_compute/u_checker/exp_A0_reg[78]0      | design_1_i/project_mvp_top_0/inst/u_compute/u_checker/SR[0]                       |                9 |             17 |
|  design_1_i/clk_wiz_0/inst/clk_out1 | design_1_i/project_mvp_top_0/inst/u_compute/u_checker/exp_A0_reg[76]0      | design_1_i/project_mvp_top_0/inst/u_compute/u_checker/SR[0]                       |                8 |             17 |
|  design_1_i/clk_wiz_0/inst/clk_out1 | design_1_i/project_mvp_top_0/inst/u_compute/u_checker/exp_A0_reg[81]0      | design_1_i/project_mvp_top_0/inst/u_compute/u_checker/SR[0]                       |                4 |             17 |
|  design_1_i/clk_wiz_0/inst/clk_out1 | design_1_i/project_mvp_top_0/inst/u_compute/u_checker/exp_A0_reg[97]0      | design_1_i/project_mvp_top_0/inst/u_compute/u_checker/SR[0]                       |                4 |             17 |
|  design_1_i/clk_wiz_0/inst/clk_out1 | design_1_i/project_mvp_top_0/inst/u_compute/u_checker/exp_A0_reg[99]0      | design_1_i/project_mvp_top_0/inst/u_compute/u_checker/SR[0]                       |               11 |             17 |
|  design_1_i/clk_wiz_0/inst/clk_out1 | design_1_i/project_mvp_top_0/inst/u_compute/u_checker/exp_A0_reg[79]0      | design_1_i/project_mvp_top_0/inst/u_compute/u_checker/SR[0]                       |               15 |             17 |
|  design_1_i/clk_wiz_0/inst/clk_out1 | design_1_i/project_mvp_top_0/inst/u_compute/u_checker/exp_A0_reg[9]0       | design_1_i/project_mvp_top_0/inst/u_compute/u_checker/SR[0]                       |                8 |             17 |
|  design_1_i/clk_wiz_0/inst/clk_out1 | design_1_i/project_mvp_top_0/inst/u_compute/u_checker/exp_A0_reg[80]0      | design_1_i/project_mvp_top_0/inst/u_compute/u_checker/SR[0]                       |                5 |             17 |
|  design_1_i/clk_wiz_0/inst/clk_out1 | design_1_i/project_mvp_top_0/inst/u_compute/u_checker/exp_A0_reg[88]0      | design_1_i/project_mvp_top_0/inst/u_compute/u_checker/SR[0]                       |                5 |             17 |
|  design_1_i/clk_wiz_0/inst/clk_out1 | design_1_i/project_mvp_top_0/inst/u_compute/u_checker/exp_A0_reg[72]0      | design_1_i/project_mvp_top_0/inst/u_compute/u_checker/SR[0]                       |               11 |             17 |
|  design_1_i/clk_wiz_0/inst/clk_out1 | design_1_i/project_mvp_top_0/inst/u_compute/u_checker/exp_A0_reg[68]0      | design_1_i/project_mvp_top_0/inst/u_compute/u_checker/SR[0]                       |                7 |             17 |
|  design_1_i/clk_wiz_0/inst/clk_out1 | design_1_i/project_mvp_top_0/inst/u_compute/u_checker/exp_A0_reg[74]0      | design_1_i/project_mvp_top_0/inst/u_compute/u_checker/SR[0]                       |                7 |             17 |
|  design_1_i/clk_wiz_0/inst/clk_out1 | design_1_i/project_mvp_top_0/inst/u_compute/u_checker/exp_A0_reg[92]0      | design_1_i/project_mvp_top_0/inst/u_compute/u_checker/SR[0]                       |                4 |             17 |
|  design_1_i/clk_wiz_0/inst/clk_out1 | design_1_i/project_mvp_top_0/inst/u_compute/s_reg[16]_i_1_n_0              | design_1_i/project_mvp_top_0/inst/u_compute/u_checker/SR[0]                       |                5 |             17 |
|  design_1_i/clk_wiz_0/inst/clk_out1 | design_1_i/project_mvp_top_0/inst/u_compute/scale_reg[16]_i_1_n_0          | design_1_i/project_mvp_top_0/inst/u_compute/u_checker/SR[0]                       |                9 |             17 |
|  design_1_i/clk_wiz_0/inst/clk_out1 | design_1_i/project_mvp_top_0/inst/u_compute/scaled_s_reg[16]_i_1_n_0       | design_1_i/project_mvp_top_0/inst/u_compute/u_checker/SR[0]                       |                7 |             17 |
|  design_1_i/clk_wiz_0/inst/clk_out1 | design_1_i/project_mvp_top_0/inst/u_compute/sv_reg[16]_i_1_n_0             | design_1_i/project_mvp_top_0/inst/u_compute/u_checker/SR[0]                       |                6 |             17 |
|  design_1_i/clk_wiz_0/inst/clk_out1 | design_1_i/project_mvp_top_0/inst/u_compute/vt_reg[16]_i_1_n_0             | design_1_i/project_mvp_top_0/inst/u_compute/u_checker/SR[0]                       |                6 |             17 |
|  design_1_i/clk_wiz_0/inst/clk_out1 | design_1_i/project_mvp_top_0/inst/u_compute/u_reg[16]_i_1_n_0              | design_1_i/project_mvp_top_0/inst/u_compute/u_checker/SR[0]                       |                5 |             17 |
|  design_1_i/clk_wiz_0/inst/clk_out1 | design_1_i/project_mvp_top_0/inst/u_compute/u_checker/exp_A0_reg[100]0     | design_1_i/project_mvp_top_0/inst/u_compute/u_checker/SR[0]                       |                5 |             17 |
|  design_1_i/clk_wiz_0/inst/clk_out1 | design_1_i/project_mvp_top_0/inst/u_compute/u_checker/exp_A0_reg[102]0     | design_1_i/project_mvp_top_0/inst/u_compute/u_checker/SR[0]                       |                8 |             17 |
|  design_1_i/clk_wiz_0/inst/clk_out1 | design_1_i/project_mvp_top_0/inst/u_compute/u_checker/exp_A0_reg[70]0      | design_1_i/project_mvp_top_0/inst/u_compute/u_checker/SR[0]                       |                8 |             17 |
|  design_1_i/clk_wiz_0/inst/clk_out2 |                                                                            | design_1_i/project_mvp_top_0/inst/vga_buf_1/vga_output_1/h_valid_count[9]_i_1_n_0 |                9 |             20 |
|  design_1_i/clk_wiz_0/inst/clk_out1 | design_1_i/project_mvp_top_0/inst/u_compute/bram_addr_in[13]_i_1_n_0       | design_1_i/project_mvp_top_0/inst/u_compute/u_checker/SR[0]                       |                7 |             23 |
|  design_1_i/clk_wiz_0/inst/clk_out1 | design_1_i/project_mvp_top_0/inst/uart_buf_1/bram_addra[13]_i_1_n_0        | design_1_i/project_mvp_top_0/inst/uart_buf_1/reset                                |               12 |             31 |
|  design_1_i/clk_wiz_0/inst/clk_out1 | design_1_i/project_mvp_top_0/inst/u_compute/counter[0]_i_1_n_0             | design_1_i/project_mvp_top_0/inst/u_compute/u_checker/SR[0]                       |                8 |             31 |
|  design_1_i/clk_wiz_0/inst/clk_out1 | design_1_i/project_mvp_top_0/inst/u_compute/u_checker/state_reg[0]_0[0]    | design_1_i/project_mvp_top_0/inst/u_compute/u_checker/SR[0]                       |               11 |             32 |
|  design_1_i/clk_wiz_0/inst/clk_out1 | design_1_i/project_mvp_top_0/inst/u_compute/u_checker/state_reg[0]_1[0]    | design_1_i/project_mvp_top_0/inst/u_compute/u_checker/SR[0]                       |               15 |             32 |
|  design_1_i/clk_wiz_0/inst/clk_out1 | design_1_i/project_mvp_top_0/inst/u_compute/u_checker/E[0]                 | design_1_i/project_mvp_top_0/inst/u_compute/u_checker/SR[0]                       |               10 |             32 |
|  design_1_i/clk_wiz_0/inst/clk_out1 | design_1_i/project_mvp_top_0/inst/u_compute/u_checker/idx[31]_i_1_n_0      | design_1_i/project_mvp_top_0/inst/u_compute/u_checker/SR[0]                       |               10 |             32 |
+-------------------------------------+----------------------------------------------------------------------------+-----------------------------------------------------------------------------------+------------------+----------------+


